Looking in links: /tmp/qdrat-offline-proof/wheelhouse, /tmp/qdrat-offline-proof/bootstrap
Processing /tmp/qdrat-offline-proof/wheelhouse/aiohappyeyeballs-2.7.1-py3-none-any.whl (from -r /repo/requirements/locks/linux-amd64-py312.txt (line 17))
Processing /tmp/qdrat-offline-proof/wheelhouse/aiohttp-3.14.3-cp312-cp312-manylinux2014_x86_64.manylinux_2_17_x86_64.manylinux_2_28_x86_64.whl (from -r /repo/requirements/locks/linux-amd64-py312.txt (line 18))
Processing /tmp/qdrat-offline-proof/wheelhouse/aiosignal-1.4.0-py3-none-any.whl (from -r /repo/requirements/locks/linux-amd64-py312.txt (line 19))
Processing /tmp/qdrat-offline-proof/wheelhouse/annotated_doc-0.0.5-py3-none-any.whl (from -r /repo/requirements/locks/linux-amd64-py312.txt (line 20))
Processing /tmp/qdrat-offline-proof/wheelhouse/annotated_types-0.8.0-py3-none-any.whl (from -r /repo/requirements/locks/linux-amd64-py312.txt (line 21))
Processing /tmp/qdrat-offline-proof/wheelhouse/anyio-4.15.1-py3-none-any.whl (from -r /repo/requirements/locks/linux-amd64-py312.txt (line 22))
Processing /tmp/qdrat-offline-proof/wheelhouse/apscheduler-3.11.3-py3-none-any.whl (from -r /repo/requirements/locks/linux-amd64-py312.txt (line 23))
Processing /tmp/qdrat-offline-proof/wheelhouse/arabic_reshaper-3.0.1-py3-none-any.whl (from -r /repo/requirements/locks/linux-amd64-py312.txt (line 24))
Processing /tmp/qdrat-offline-proof/wheelhouse/asgiref-3.12.1-py3-none-any.whl (from -r /repo/requirements/locks/linux-amd64-py312.txt (line 25))
Processing /tmp/qdrat-offline-proof/wheelhouse/asn1crypto-1.5.1-py2.py3-none-any.whl (from -r /repo/requirements/locks/linux-amd64-py312.txt (line 26))
Processing /tmp/qdrat-offline-proof/wheelhouse/attrs-26.1.0-py3-none-any.whl (from -r /repo/requirements/locks/linux-amd64-py312.txt (line 27))
Processing /tmp/qdrat-offline-proof/wheelhouse/beautifulsoup4-4.15.0-py3-none-any.whl (from -r /repo/requirements/locks/linux-amd64-py312.txt (line 28))
Processing /tmp/qdrat-offline-proof/wheelhouse/bleach-6.4.0-py3-none-any.whl (from -r /repo/requirements/locks/linux-amd64-py312.txt (line 29))
Processing /tmp/qdrat-offline-proof/wheelhouse/blis-1.3.3-cp312-cp312-manylinux2014_x86_64.manylinux_2_17_x86_64.whl (from -r /repo/requirements/locks/linux-amd64-py312.txt (line 30))
Processing /tmp/qdrat-offline-proof/wheelhouse/catalogue-2.0.10-py3-none-any.whl (from -r /repo/requirements/locks/linux-amd64-py312.txt (line 31))
Processing /tmp/qdrat-offline-proof/wheelhouse/certifi-2026.7.22-py3-none-any.whl (from -r /repo/requirements/locks/linux-amd64-py312.txt (line 32))
Processing /tmp/qdrat-offline-proof/wheelhouse/cffi-2.1.1-cp312-cp312-manylinux2014_x86_64.manylinux_2_17_x86_64.whl (from -r /repo/requirements/locks/linux-amd64-py312.txt (line 33))
Processing /tmp/qdrat-offline-proof/wheelhouse/chardet-7.6.0-cp312-cp312-manylinux2014_x86_64.manylinux_2_17_x86_64.manylinux_2_28_x86_64.whl (from -r /repo/requirements/locks/linux-amd64-py312.txt (line 34))
Processing /tmp/qdrat-offline-proof/wheelhouse/charset_normalizer-3.5.1-cp312-cp312-manylinux2014_x86_64.manylinux_2_17_x86_64.manylinux_2_28_x86_64.whl (from -r /repo/requirements/locks/linux-amd64-py312.txt (line 35))
Processing /tmp/qdrat-offline-proof/wheelhouse/click-8.5.0-py3-none-any.whl (from -r /repo/requirements/locks/linux-amd64-py312.txt (line 36))
Processing /tmp/qdrat-offline-proof/wheelhouse/cloudpathlib-0.25.0-py3-none-any.whl (from -r /repo/requirements/locks/linux-amd64-py312.txt (line 37))
Processing /tmp/qdrat-offline-proof/wheelhouse/confection-1.3.3-py3-none-any.whl (from -r /repo/requirements/locks/linux-amd64-py312.txt (line 38))
Processing /tmp/qdrat-offline-proof/wheelhouse/coverage-7.16.1-cp312-cp312-manylinux1_x86_64.manylinux_2_28_x86_64.manylinux_2_5_x86_64.whl (from -r /repo/requirements/locks/linux-amd64-py312.txt (line 39))
Processing /tmp/qdrat-offline-proof/wheelhouse/cryptography-50.0.1-cp311-abi3-manylinux_2_34_x86_64.whl (from -r /repo/requirements/locks/linux-amd64-py312.txt (line 40))
Processing /tmp/qdrat-offline-proof/wheelhouse/cssselect2-0.10.1-py3-none-any.whl (from -r /repo/requirements/locks/linux-amd64-py312.txt (line 41))
Processing /tmp/qdrat-offline-proof/wheelhouse/cymem-2.0.13-cp312-cp312-manylinux2014_x86_64.manylinux_2_17_x86_64.whl (from -r /repo/requirements/locks/linux-amd64-py312.txt (line 42))
Processing /tmp/qdrat-offline-proof/wheelhouse/diff_match_patch-20241021-py3-none-any.whl (from -r /repo/requirements/locks/linux-amd64-py312.txt (line 43))
Processing /tmp/qdrat-offline-proof/wheelhouse/django-5.2.17-py3-none-any.whl (from -r /repo/requirements/locks/linux-amd64-py312.txt (line 44))
Processing /tmp/qdrat-offline-proof/wheelhouse/django_apscheduler-0.7.0-py3-none-any.whl (from -r /repo/requirements/locks/linux-amd64-py312.txt (line 45))
Processing /tmp/qdrat-offline-proof/wheelhouse/django_auditlog-3.4.1-py3-none-any.whl (from -r /repo/requirements/locks/linux-amd64-py312.txt (line 46))
Processing /tmp/qdrat-offline-proof/wheelhouse/django_axes-8.3.1-py3-none-any.whl (from -r /repo/requirements/locks/linux-amd64-py312.txt (line 47))
Processing /tmp/qdrat-offline-proof/wheelhouse/django_cors_headers-4.9.0-py3-none-any.whl (from -r /repo/requirements/locks/linux-amd64-py312.txt (line 48))
Processing /tmp/qdrat-offline-proof/wheelhouse/django_environ-0.14.0-py3-none-any.whl (from -r /repo/requirements/locks/linux-amd64-py312.txt (line 49))
Processing /tmp/qdrat-offline-proof/wheelhouse/django_filter-26.1-py3-none-any.whl (from -r /repo/requirements/locks/linux-amd64-py312.txt (line 50))
Processing /tmp/qdrat-offline-proof/wheelhouse/django_import_export-4.4.1-py3-none-any.whl (from -r /repo/requirements/locks/linux-amd64-py312.txt (line 51))
Processing /tmp/qdrat-offline-proof/wheelhouse/django_ipware-7.0.1-py2.py3-none-any.whl (from -r /repo/requirements/locks/linux-amd64-py312.txt (line 52))
Processing /tmp/qdrat-offline-proof/wheelhouse/django_mathfilters-1.0.0-py3-none-any.whl (from -r /repo/requirements/locks/linux-amd64-py312.txt (line 53))
Processing /tmp/qdrat-offline-proof/wheelhouse/django_model_utils-5.0.0-py3-none-any.whl (from -r /repo/requirements/locks/linux-amd64-py312.txt (line 54))
Processing /tmp/qdrat-offline-proof/wheelhouse/django_redis-5.4.0-py3-none-any.whl (from -r /repo/requirements/locks/linux-amd64-py312.txt (line 55))
Processing /tmp/qdrat-offline-proof/wheelhouse/django_simple_history-3.13.0-py3-none-any.whl (from -r /repo/requirements/locks/linux-amd64-py312.txt (line 56))
Processing /tmp/qdrat-offline-proof/wheelhouse/django_storages-1.14.6-py3-none-any.whl (from -r /repo/requirements/locks/linux-amd64-py312.txt (line 57))
Processing /tmp/qdrat-offline-proof/wheelhouse/django_widget_tweaks-1.5.1-py3-none-any.whl (from -r /repo/requirements/locks/linux-amd64-py312.txt (line 58))
Processing /tmp/qdrat-offline-proof/wheelhouse/djangorestframework-3.17.2-py3-none-any.whl (from -r /repo/requirements/locks/linux-amd64-py312.txt (line 59))
Processing /tmp/qdrat-offline-proof/wheelhouse/djangorestframework_simplejwt-5.5.1-py3-none-any.whl (from -r /repo/requirements/locks/linux-amd64-py312.txt (line 60))
Processing /tmp/qdrat-offline-proof/wheelhouse/drf_yasg-1.21.15-py3-none-any.whl (from -r /repo/requirements/locks/linux-amd64-py312.txt (line 61))
Processing /tmp/qdrat-offline-proof/wheelhouse/en_core_web_sm-3.8.0-py3-none-any.whl (from -r /repo/requirements/locks/linux-amd64-py312.txt (line 63))
Processing /tmp/qdrat-offline-proof/wheelhouse/et_xmlfile-2.0.0-py3-none-any.whl (from -r /repo/requirements/locks/linux-amd64-py312.txt (line 64))
Processing /tmp/qdrat-offline-proof/wheelhouse/frozenlist-1.8.0-cp312-cp312-manylinux1_x86_64.manylinux_2_28_x86_64.manylinux_2_5_x86_64.whl (from -r /repo/requirements/locks/linux-amd64-py312.txt (line 65))
Processing /tmp/qdrat-offline-proof/wheelhouse/future-1.0.0-py3-none-any.whl (from -r /repo/requirements/locks/linux-amd64-py312.txt (line 66))
Processing /tmp/qdrat-offline-proof/wheelhouse/geographiclib-2.1-py3-none-any.whl (from -r /repo/requirements/locks/linux-amd64-py312.txt (line 67))
Processing /tmp/qdrat-offline-proof/wheelhouse/geopy-2.5.0-py3-none-any.whl (from -r /repo/requirements/locks/linux-amd64-py312.txt (line 68))
Processing /tmp/qdrat-offline-proof/wheelhouse/google_api_core-2.38.0-py3-none-any.whl (from -r /repo/requirements/locks/linux-amd64-py312.txt (line 69))
Processing /tmp/qdrat-offline-proof/wheelhouse/google_api_python_client-2.200.0-py3-none-any.whl (from -r /repo/requirements/locks/linux-amd64-py312.txt (line 70))
Processing /tmp/qdrat-offline-proof/wheelhouse/google_auth-2.58.0-py3-none-any.whl (from -r /repo/requirements/locks/linux-amd64-py312.txt (line 71))
Processing /tmp/qdrat-offline-proof/wheelhouse/google_auth_httplib2-0.4.2-py3-none-any.whl (from -r /repo/requirements/locks/linux-amd64-py312.txt (line 72))
Processing /tmp/qdrat-offline-proof/wheelhouse/google_auth_oauthlib-1.4.1-py3-none-any.whl (from -r /repo/requirements/locks/linux-amd64-py312.txt (line 73))
Processing /tmp/qdrat-offline-proof/wheelhouse/google_cloud_core-2.7.0-py3-none-any.whl (from -r /repo/requirements/locks/linux-amd64-py312.txt (line 74))
Processing /tmp/qdrat-offline-proof/wheelhouse/google_cloud_storage-3.0.0-py2.py3-none-any.whl (from -r /repo/requirements/locks/linux-amd64-py312.txt (line 75))
Processing /tmp/qdrat-offline-proof/wheelhouse/google_crc32c-1.8.0-cp312-cp312-manylinux1_x86_64.manylinux2014_x86_64.manylinux_2_17_x86_64.manylinux_2_5_x86_64.whl (from -r /repo/requirements/locks/linux-amd64-py312.txt (line 76))
Processing /tmp/qdrat-offline-proof/wheelhouse/google_resumable_media-2.10.2-py3-none-any.whl (from -r /repo/requirements/locks/linux-amd64-py312.txt (line 77))
Processing /tmp/qdrat-offline-proof/wheelhouse/googleapis_common_protos-1.75.3-py3-none-any.whl (from -r /repo/requirements/locks/linux-amd64-py312.txt (line 78))
Processing /tmp/qdrat-offline-proof/wheelhouse/gunicorn-23.0.0-py3-none-any.whl (from -r /repo/requirements/locks/linux-amd64-py312.txt (line 79))
Processing /tmp/qdrat-offline-proof/wheelhouse/h11-0.16.0-py3-none-any.whl (from -r /repo/requirements/locks/linux-amd64-py312.txt (line 80))
Processing /tmp/qdrat-offline-proof/wheelhouse/html5lib-1.1-py2.py3-none-any.whl (from -r /repo/requirements/locks/linux-amd64-py312.txt (line 81))
Processing /tmp/qdrat-offline-proof/wheelhouse/httpcore-1.0.9-py3-none-any.whl (from -r /repo/requirements/locks/linux-amd64-py312.txt (line 82))
Processing /tmp/qdrat-offline-proof/wheelhouse/httplib2-0.32.0-py3-none-any.whl (from -r /repo/requirements/locks/linux-amd64-py312.txt (line 83))
Processing /tmp/qdrat-offline-proof/wheelhouse/httpx-0.28.1-py3-none-any.whl (from -r /repo/requirements/locks/linux-amd64-py312.txt (line 84))
Processing /tmp/qdrat-offline-proof/wheelhouse/idna-3.20-py3-none-any.whl (from -r /repo/requirements/locks/linux-amd64-py312.txt (line 85))
Processing /tmp/qdrat-offline-proof/wheelhouse/inflection-0.5.1-py2.py3-none-any.whl (from -r /repo/requirements/locks/linux-amd64-py312.txt (line 86))
Processing /tmp/qdrat-offline-proof/wheelhouse/jinja2-3.1.6-py3-none-any.whl (from -r /repo/requirements/locks/linux-amd64-py312.txt (line 87))
Processing /tmp/qdrat-offline-proof/wheelhouse/lxml-6.1.3-cp312-cp312-manylinux_2_26_x86_64.manylinux_2_28_x86_64.whl (from -r /repo/requirements/locks/linux-amd64-py312.txt (line 88))
Processing /tmp/qdrat-offline-proof/wheelhouse/markdown_it_py-4.2.0-py3-none-any.whl (from -r /repo/requirements/locks/linux-amd64-py312.txt (line 89))
Processing /tmp/qdrat-offline-proof/wheelhouse/markupsafe-3.0.3-cp312-cp312-manylinux2014_x86_64.manylinux_2_17_x86_64.manylinux_2_28_x86_64.whl (from -r /repo/requirements/locks/linux-amd64-py312.txt (line 90))
Processing /tmp/qdrat-offline-proof/wheelhouse/mdurl-0.1.2-py3-none-any.whl (from -r /repo/requirements/locks/linux-amd64-py312.txt (line 91))
Processing /tmp/qdrat-offline-proof/wheelhouse/msgpack-1.2.2-cp312-cp312-manylinux2014_x86_64.manylinux_2_17_x86_64.manylinux_2_28_x86_64.whl (from -r /repo/requirements/locks/linux-amd64-py312.txt (line 92))
Processing /tmp/qdrat-offline-proof/wheelhouse/multidict-6.9.0-cp312-cp312-manylinux2014_x86_64.manylinux_2_17_x86_64.manylinux_2_28_x86_64.whl (from -r /repo/requirements/locks/linux-amd64-py312.txt (line 93))
Processing /tmp/qdrat-offline-proof/wheelhouse/murmurhash-1.0.15-cp312-cp312-manylinux1_x86_64.manylinux2014_x86_64.manylinux_2_17_x86_64.manylinux_2_5_x86_64.whl (from -r /repo/requirements/locks/linux-amd64-py312.txt (line 94))
Processing /tmp/qdrat-offline-proof/wheelhouse/numpy-2.5.3-cp312-cp312-manylinux_2_27_x86_64.manylinux_2_28_x86_64.whl (from -r /repo/requirements/locks/linux-amd64-py312.txt (line 95))
Processing /tmp/qdrat-offline-proof/wheelhouse/oauthlib-3.3.1-py3-none-any.whl (from -r /repo/requirements/locks/linux-amd64-py312.txt (line 96))
Processing /tmp/qdrat-offline-proof/wheelhouse/openpyxl-3.1.5-py2.py3-none-any.whl (from -r /repo/requirements/locks/linux-amd64-py312.txt (line 97))
Processing /tmp/qdrat-offline-proof/wheelhouse/opentelemetry_api-1.44.0-py3-none-any.whl (from -r /repo/requirements/locks/linux-amd64-py312.txt (line 98))
Processing /tmp/qdrat-offline-proof/wheelhouse/oscrypto-1.3.0-py2.py3-none-any.whl (from -r /repo/requirements/locks/linux-amd64-py312.txt (line 99))
Processing /tmp/qdrat-offline-proof/bootstrap/packaging-26.3-py3-none-any.whl (from -r /repo/requirements/locks/linux-amd64-py312.txt (line 100))
Processing /tmp/qdrat-offline-proof/wheelhouse/pandas-3.0.6-cp312-cp312-manylinux_2_24_x86_64.manylinux_2_28_x86_64.whl (from -r /repo/requirements/locks/linux-amd64-py312.txt (line 101))
Processing /tmp/qdrat-offline-proof/wheelhouse/pdfkit-1.0.0-py3-none-any.whl (from -r /repo/requirements/locks/linux-amd64-py312.txt (line 102))
Processing /tmp/qdrat-offline-proof/wheelhouse/phonenumbers-9.0.37-py2.py3-none-any.whl (from -r /repo/requirements/locks/linux-amd64-py312.txt (line 103))
Processing /tmp/qdrat-offline-proof/wheelhouse/pillow-12.3.0-cp312-cp312-manylinux_2_27_x86_64.manylinux_2_28_x86_64.whl (from -r /repo/requirements/locks/linux-amd64-py312.txt (line 104))
Processing /tmp/qdrat-offline-proof/wheelhouse/preshed-3.0.13-cp312-cp312-manylinux2014_x86_64.manylinux_2_17_x86_64.whl (from -r /repo/requirements/locks/linux-amd64-py312.txt (line 105))
Processing /tmp/qdrat-offline-proof/wheelhouse/propcache-0.5.4-cp312-cp312-manylinux2014_x86_64.manylinux_2_17_x86_64.manylinux_2_28_x86_64.whl (from -r /repo/requirements/locks/linux-amd64-py312.txt (line 106))
Processing /tmp/qdrat-offline-proof/wheelhouse/proto_plus-1.28.4-py3-none-any.whl (from -r /repo/requirements/locks/linux-amd64-py312.txt (line 107))
Processing /tmp/qdrat-offline-proof/wheelhouse/protobuf-7.36.2-cp310-abi3-manylinux2014_x86_64.whl (from -r /repo/requirements/locks/linux-amd64-py312.txt (line 108))
Processing /tmp/qdrat-offline-proof/wheelhouse/psycopg2_binary-2.9.13-cp312-cp312-manylinux2014_x86_64.manylinux_2_17_x86_64.whl (from -r /repo/requirements/locks/linux-amd64-py312.txt (line 109))
Processing /tmp/qdrat-offline-proof/wheelhouse/pyasn1-0.6.4-py3-none-any.whl (from -r /repo/requirements/locks/linux-amd64-py312.txt (line 110))
Processing /tmp/qdrat-offline-proof/wheelhouse/pyasn1_modules-0.4.2-py3-none-any.whl (from -r /repo/requirements/locks/linux-amd64-py312.txt (line 111))
Processing /tmp/qdrat-offline-proof/wheelhouse/pycountry-24.6.1-py3-none-any.whl (from -r /repo/requirements/locks/linux-amd64-py312.txt (line 112))
Processing /tmp/qdrat-offline-proof/wheelhouse/pycparser-3.0-py3-none-any.whl (from -r /repo/requirements/locks/linux-amd64-py312.txt (line 113))
Processing /tmp/qdrat-offline-proof/wheelhouse/pydantic-2.13.5-py3-none-any.whl (from -r /repo/requirements/locks/linux-amd64-py312.txt (line 114))
Processing /tmp/qdrat-offline-proof/wheelhouse/pydantic_core-2.46.5-cp312-cp312-manylinux_2_17_x86_64.manylinux2014_x86_64.whl (from -r /repo/requirements/locks/linux-amd64-py312.txt (line 115))
Processing /tmp/qdrat-offline-proof/wheelhouse/pygments-2.21.0-py3-none-any.whl (from -r /repo/requirements/locks/linux-amd64-py312.txt (line 116))
Processing /tmp/qdrat-offline-proof/wheelhouse/pyhanko-0.37.0-py3-none-any.whl (from -r /repo/requirements/locks/linux-amd64-py312.txt (line 117))
Processing /tmp/qdrat-offline-proof/wheelhouse/pyhanko_certvalidator-0.32.1-py3-none-any.whl (from -r /repo/requirements/locks/linux-amd64-py312.txt (line 118))
Processing /tmp/qdrat-offline-proof/wheelhouse/pyjwt-2.13.0-py3-none-any.whl (from -r /repo/requirements/locks/linux-amd64-py312.txt (line 119))
Processing /tmp/qdrat-offline-proof/wheelhouse/pymupdf-1.28.2-cp310-abi3-manylinux_2_28_x86_64.whl (from -r /repo/requirements/locks/linux-amd64-py312.txt (line 120))
Processing /tmp/qdrat-offline-proof/wheelhouse/pyparsing-3.3.3-py3-none-any.whl (from -r /repo/requirements/locks/linux-amd64-py312.txt (line 121))
Processing /tmp/qdrat-offline-proof/wheelhouse/pypdf-6.19.0-py3-none-any.whl (from -r /repo/requirements/locks/linux-amd64-py312.txt (line 122))
Processing /tmp/qdrat-offline-proof/wheelhouse/python_bidi-0.6.11-cp312-cp312-manylinux_2_17_x86_64.manylinux2014_x86_64.whl (from -r /repo/requirements/locks/linux-amd64-py312.txt (line 123))
Processing /tmp/qdrat-offline-proof/wheelhouse/python_dateutil-2.9.0.post0-py2.py3-none-any.whl (from -r /repo/requirements/locks/linux-amd64-py312.txt (line 124))
Processing /tmp/qdrat-offline-proof/wheelhouse/python_ipware-3.0.0-py3-none-any.whl (from -r /repo/requirements/locks/linux-amd64-py312.txt (line 125))
Processing /tmp/qdrat-offline-proof/wheelhouse/pytz-2026.3.post1-py2.py3-none-any.whl (from -r /repo/requirements/locks/linux-amd64-py312.txt (line 126))
Processing /tmp/qdrat-offline-proof/wheelhouse/pyyaml-6.0.3-cp312-cp312-manylinux2014_x86_64.manylinux_2_17_x86_64.manylinux_2_28_x86_64.whl (from -r /repo/requirements/locks/linux-amd64-py312.txt (line 127))
Processing /tmp/qdrat-offline-proof/wheelhouse/pyzk-0.9.tar.gz (from -r /repo/requirements/locks/linux-amd64-py312.txt (line 128))
  Installing build dependencies: started
  Installing build dependencies: finished with status 'done'
  Getting requirements to build wheel: started
  Getting requirements to build wheel: finished with status 'done'
  Preparing metadata (pyproject.toml): started
  Preparing metadata (pyproject.toml): finished with status 'done'
Processing /tmp/qdrat-offline-proof/wheelhouse/rapidfuzz-3.14.6-cp312-cp312-manylinux_2_27_x86_64.manylinux_2_28_x86_64.whl (from -r /repo/requirements/locks/linux-amd64-py312.txt (line 129))
Processing /tmp/qdrat-offline-proof/wheelhouse/redis-8.1.0-py3-none-any.whl (from -r /repo/requirements/locks/linux-amd64-py312.txt (line 130))
Processing /tmp/qdrat-offline-proof/wheelhouse/reportlab-4.0.9-py3-none-any.whl (from -r /repo/requirements/locks/linux-amd64-py312.txt (line 131))
Processing /tmp/qdrat-offline-proof/wheelhouse/requests-2.34.2-py3-none-any.whl (from -r /repo/requirements/locks/linux-amd64-py312.txt (line 132))
Processing /tmp/qdrat-offline-proof/wheelhouse/requests_oauthlib-2.0.0-py2.py3-none-any.whl (from -r /repo/requirements/locks/linux-amd64-py312.txt (line 133))
Processing /tmp/qdrat-offline-proof/wheelhouse/rich-15.0.0-py3-none-any.whl (from -r /repo/requirements/locks/linux-amd64-py312.txt (line 134))
Processing /tmp/qdrat-offline-proof/wheelhouse/sentry_sdk-2.20.0-py2.py3-none-any.whl (from -r /repo/requirements/locks/linux-amd64-py312.txt (line 135))
Processing /tmp/qdrat-offline-proof/wheelhouse/setuptools-84.0.0-py3-none-any.whl (from -r /repo/requirements/locks/linux-amd64-py312.txt (line 136))
Processing /tmp/qdrat-offline-proof/wheelhouse/shellingham-1.5.4-py2.py3-none-any.whl (from -r /repo/requirements/locks/linux-amd64-py312.txt (line 137))
Processing /tmp/qdrat-offline-proof/wheelhouse/six-1.17.0-py2.py3-none-any.whl (from -r /repo/requirements/locks/linux-amd64-py312.txt (line 138))
Processing /tmp/qdrat-offline-proof/wheelhouse/smart_open-8.0.1-py3-none-any.whl (from -r /repo/requirements/locks/linux-amd64-py312.txt (line 139))
Processing /tmp/qdrat-offline-proof/wheelhouse/soupsieve-2.9.2-py3-none-any.whl (from -r /repo/requirements/locks/linux-amd64-py312.txt (line 140))
Processing /tmp/qdrat-offline-proof/wheelhouse/spacy-3.8.16-cp312-cp312-manylinux_2_24_x86_64.manylinux_2_28_x86_64.whl (from -r /repo/requirements/locks/linux-amd64-py312.txt (line 141))
Processing /tmp/qdrat-offline-proof/wheelhouse/spacy_legacy-3.0.12-py2.py3-none-any.whl (from -r /repo/requirements/locks/linux-amd64-py312.txt (line 142))
Processing /tmp/qdrat-offline-proof/wheelhouse/spacy_loggers-1.0.5-py3-none-any.whl (from -r /repo/requirements/locks/linux-amd64-py312.txt (line 143))
Processing /tmp/qdrat-offline-proof/wheelhouse/sqlparse-0.6.0-py3-none-any.whl (from -r /repo/requirements/locks/linux-amd64-py312.txt (line 144))
Processing /tmp/qdrat-offline-proof/wheelhouse/srsly-2.5.3-cp312-cp312-manylinux2014_x86_64.manylinux_2_17_x86_64.whl (from -r /repo/requirements/locks/linux-amd64-py312.txt (line 145))
Processing /tmp/qdrat-offline-proof/wheelhouse/svglib-1.5.1.tar.gz (from -r /repo/requirements/locks/linux-amd64-py312.txt (line 146))
  Installing build dependencies: started
  Installing build dependencies: finished with status 'done'
  Getting requirements to build wheel: started
  Getting requirements to build wheel: finished with status 'done'
  Preparing metadata (pyproject.toml): started
  Preparing metadata (pyproject.toml): finished with status 'done'
Processing /tmp/qdrat-offline-proof/wheelhouse/swapper-1.5.0-py2.py3-none-any.whl (from -r /repo/requirements/locks/linux-amd64-py312.txt (line 147))
Processing /tmp/qdrat-offline-proof/wheelhouse/tablib-3.10.0-py3-none-any.whl (from -r /repo/requirements/locks/linux-amd64-py312.txt (line 148))
Processing /tmp/qdrat-offline-proof/wheelhouse/thinc-8.3.13-cp312-cp312-manylinux2014_x86_64.manylinux_2_17_x86_64.whl (from -r /repo/requirements/locks/linux-amd64-py312.txt (line 149))
Processing /tmp/qdrat-offline-proof/wheelhouse/tinycss2-1.5.1-py3-none-any.whl (from -r /repo/requirements/locks/linux-amd64-py312.txt (line 150))
Processing /tmp/qdrat-offline-proof/wheelhouse/tqdm-4.70.1-py3-none-any.whl (from -r /repo/requirements/locks/linux-amd64-py312.txt (line 151))
Processing /tmp/qdrat-offline-proof/wheelhouse/typer-0.27.2-py3-none-any.whl (from -r /repo/requirements/locks/linux-amd64-py312.txt (line 152))
Processing /tmp/qdrat-offline-proof/wheelhouse/typing_extensions-4.16.0-py3-none-any.whl (from -r /repo/requirements/locks/linux-amd64-py312.txt (line 153))
Processing /tmp/qdrat-offline-proof/wheelhouse/typing_inspection-0.4.4-py3-none-any.whl (from -r /repo/requirements/locks/linux-amd64-py312.txt (line 154))
Processing /tmp/qdrat-offline-proof/wheelhouse/tzlocal-5.4.4-py3-none-any.whl (from -r /repo/requirements/locks/linux-amd64-py312.txt (line 155))
Processing /tmp/qdrat-offline-proof/wheelhouse/uritemplate-4.2.0-py3-none-any.whl (from -r /repo/requirements/locks/linux-amd64-py312.txt (line 156))
Processing /tmp/qdrat-offline-proof/wheelhouse/uritools-6.1.3-py3-none-any.whl (from -r /repo/requirements/locks/linux-amd64-py312.txt (line 157))
Processing /tmp/qdrat-offline-proof/wheelhouse/urllib3-2.8.0-py3-none-any.whl (from -r /repo/requirements/locks/linux-amd64-py312.txt (line 158))
Processing /tmp/qdrat-offline-proof/wheelhouse/wasabi-1.1.3-py3-none-any.whl (from -r /repo/requirements/locks/linux-amd64-py312.txt (line 159))
Processing /tmp/qdrat-offline-proof/wheelhouse/weasel-1.0.0-py3-none-any.whl (from -r /repo/requirements/locks/linux-amd64-py312.txt (line 160))
Processing /tmp/qdrat-offline-proof/wheelhouse/webencodings-0.6.1-py3-none-any.whl (from -r /repo/requirements/locks/linux-amd64-py312.txt (line 161))
Processing /tmp/qdrat-offline-proof/wheelhouse/whitenoise-6.9.0-py3-none-any.whl (from -r /repo/requirements/locks/linux-amd64-py312.txt (line 162))
Processing /tmp/qdrat-offline-proof/wheelhouse/wrapt-2.4.1-cp312-cp312-manylinux1_x86_64.manylinux_2_28_x86_64.manylinux_2_5_x86_64.whl (from -r /repo/requirements/locks/linux-amd64-py312.txt (line 163))
Processing /tmp/qdrat-offline-proof/wheelhouse/xhtml2pdf-0.2.17-py3-none-any.whl (from -r /repo/requirements/locks/linux-amd64-py312.txt (line 164))
Processing /tmp/qdrat-offline-proof/wheelhouse/xlsxwriter-3.2.9-py3-none-any.whl (from -r /repo/requirements/locks/linux-amd64-py312.txt (line 165))
Processing /tmp/qdrat-offline-proof/wheelhouse/yarl-1.25.1-cp312-cp312-manylinux2014_x86_64.manylinux_2_17_x86_64.manylinux_2_28_x86_64.whl (from -r /repo/requirements/locks/linux-amd64-py312.txt (line 166))
Building wheels for collected packages: pyzk, svglib
  Building wheel for pyzk (pyproject.toml): started
  Building wheel for pyzk (pyproject.toml): finished with status 'done'
  Created wheel for pyzk: filename=pyzk-0.9-py3-none-any.whl size=16967 sha256=456cbbb7c50598311fb29a89861194d9aa2f52c92f906e3dea3f64108ad3438d
  Stored in directory: /root/.cache/pip/wheels/b6/bf/38/124cee1edaa76c00ce2d94500b525490f2cd463fc4ab72849f
  Building wheel for svglib (pyproject.toml): started
  Building wheel for svglib (pyproject.toml): finished with status 'done'
  Created wheel for svglib: filename=svglib-1.5.1-py3-none-any.whl size=30948 sha256=55c4204530f9c5fcaa84e7538bcb55ae2928eaaea960ef1b00080ad0c430bb06
  Stored in directory: /root/.cache/pip/wheels/09/7e/64/eefde4ff52a7435bf35b4ed3b41d7915b69da6461a80e09459
Successfully built pyzk svglib
Installing collected packages: pytz, pdfkit, en_core_web_sm, django-mathfilters, asn1crypto, xlsxwriter, wrapt, whitenoise, webencodings, wasabi, urllib3, uritools, uritemplate, tzlocal, typing_extensions, tqdm, tablib, swapper, sqlparse, spacy-loggers, spacy-legacy, soupsieve, six, shellingham, setuptools, redis, RapidFuzz, PyYAML, python-ipware, python-bidi, pypdf, pyparsing, pymupdf, PyJWT, Pygments, pycparser, pycountry, pyasn1, psycopg2-binary, protobuf, propcache, pillow, phonenumbers, packaging, oscrypto, oauthlib, numpy, murmurhash, multidict, msgpack, mdurl, MarkupSafe, lxml, inflection, idna, h11, google-crc32c, geographiclib, future, frozenlist, et_xmlfile, django-environ, diff-match-patch, cymem, coverage, confection, cloudpathlib, click, charset-normalizer, chardet, certifi, catalogue, attrs, asgiref, arabic-reshaper, annotated-types, annotated-doc, aiohappyeyeballs, yarl, typing-inspection, tinycss2, srsly, smart_open, sentry-sdk, requests, reportlab, pyzk, python-dateutil, pydantic_core, pyasn1_modules, proto-plus, preshed, opentelemetry-api, openpyxl, markdown-it-py, Jinja2, httplib2, httpcore, html5lib, gunicorn, googleapis-common-protos, google-resumable-media, geopy, django-ipware, Django, cffi, blis, bleach, beautifulsoup4, APScheduler, anyio, aiosignal, rich, requests-oauthlib, pydantic, pandas, httpx, djangorestframework, django-widget-tweaks, django-storages, django-simple-history, django-redis, django-model-utils, django-import-export, django-filter, django-cors-headers, django-axes, django-auditlog, django-apscheduler, cssselect2, cryptography, aiohttp, typer, thinc, svglib, pyhanko-certvalidator, google-auth, drf-yasg, djangorestframework_simplejwt, weasel, pyHanko, google-auth-oauthlib, google-auth-httplib2, google-api-core, xhtml2pdf, spacy, google-cloud-core, google-api-python-client, google-cloud-storage
Successfully installed APScheduler-3.11.3 Django-5.2.17 Jinja2-3.1.6 MarkupSafe-3.0.3 PyJWT-2.13.0 PyYAML-6.0.3 Pygments-2.21.0 RapidFuzz-3.14.6 aiohappyeyeballs-2.7.1 aiohttp-3.14.3 aiosignal-1.4.0 annotated-doc-0.0.5 annotated-types-0.8.0 anyio-4.15.1 arabic-reshaper-3.0.1 asgiref-3.12.1 asn1crypto-1.5.1 attrs-26.1.0 beautifulsoup4-4.15.0 bleach-6.4.0 blis-1.3.3 catalogue-2.0.10 certifi-2026.7.22 cffi-2.1.1 chardet-7.6.0 charset-normalizer-3.5.1 click-8.5.0 cloudpathlib-0.25.0 confection-1.3.3 coverage-7.16.1 cryptography-50.0.1 cssselect2-0.10.1 cymem-2.0.13 diff-match-patch-20241021 django-apscheduler-0.7.0 django-auditlog-3.4.1 django-axes-8.3.1 django-cors-headers-4.9.0 django-environ-0.14.0 django-filter-26.1 django-import-export-4.4.1 django-ipware-7.0.1 django-mathfilters-1.0.0 django-model-utils-5.0.0 django-redis-5.4.0 django-simple-history-3.13.0 django-storages-1.14.6 django-widget-tweaks-1.5.1 djangorestframework-3.17.2 djangorestframework_simplejwt-5.5.1 drf-yasg-1.21.15 en_core_web_sm-3.8.0 et_xmlfile-2.0.0 frozenlist-1.8.0 future-1.0.0 geographiclib-2.1 geopy-2.5.0 google-api-core-2.38.0 google-api-python-client-2.200.0 google-auth-2.58.0 google-auth-httplib2-0.4.2 google-auth-oauthlib-1.4.1 google-cloud-core-2.7.0 google-cloud-storage-3.0.0 google-crc32c-1.8.0 google-resumable-media-2.10.2 googleapis-common-protos-1.75.3 gunicorn-23.0.0 h11-0.16.0 html5lib-1.1 httpcore-1.0.9 httplib2-0.32.0 httpx-0.28.1 idna-3.20 inflection-0.5.1 lxml-6.1.3 markdown-it-py-4.2.0 mdurl-0.1.2 msgpack-1.2.2 multidict-6.9.0 murmurhash-1.0.15 numpy-2.5.3 oauthlib-3.3.1 openpyxl-3.1.5 opentelemetry-api-1.44.0 oscrypto-1.3.0 packaging-26.3 pandas-3.0.6 pdfkit-1.0.0 phonenumbers-9.0.37 pillow-12.3.0 preshed-3.0.13 propcache-0.5.4 proto-plus-1.28.4 protobuf-7.36.2 psycopg2-binary-2.9.13 pyHanko-0.37.0 pyasn1-0.6.4 pyasn1_modules-0.4.2 pycountry-24.6.1 pycparser-3.0 pydantic-2.13.5 pydantic_core-2.46.5 pyhanko-certvalidator-0.32.1 pymupdf-1.28.2 pyparsing-3.3.3 pypdf-6.19.0 python-bidi-0.6.11 python-dateutil-2.9.0.post0 python-ipware-3.0.0 pytz-2026.3.post1 pyzk-0.9 redis-8.1.0 reportlab-4.0.9 requests-2.34.2 requests-oauthlib-2.0.0 rich-15.0.0 sentry-sdk-2.20.0 setuptools-84.0.0 shellingham-1.5.4 six-1.17.0 smart_open-8.0.1 soupsieve-2.9.2 spacy-3.8.16 spacy-legacy-3.0.12 spacy-loggers-1.0.5 sqlparse-0.6.0 srsly-2.5.3 svglib-1.5.1 swapper-1.5.0 tablib-3.10.0 thinc-8.3.13 tinycss2-1.5.1 tqdm-4.70.1 typer-0.27.2 typing-inspection-0.4.4 typing_extensions-4.16.0 tzlocal-5.4.4 uritemplate-4.2.0 uritools-6.1.3 urllib3-2.8.0 wasabi-1.1.3 weasel-1.0.0 webencodings-0.6.1 whitenoise-6.9.0 wrapt-2.4.1 xhtml2pdf-0.2.17 xlsxwriter-3.2.9 yarl-1.25.1
